---
source: compiler/parser/src/string.rs
expression: parse_ast
---
[
    Located {
        start: Location {
            row: 1,
            column: 2,
        },
        end: Location {
            row: 1,
            column: 23,
        },
        custom: (),
        node: Expr {
            value: Located {
                start: Location {
                    row: 1,
                    column: 2,
                },
                end: Location {
                    row: 1,
                    column: 9,
                },
                custom: (),
                node: JoinedStr {
                    values: [
                        Located {
                            start: Location {
                                row: 1,
                                column: 2,
                            },
                            end: Location {
                                row: 1,
                                column: 9,
                            },
                            custom: (),
                            node: Constant {
                                value: Str(
                                    "Hello world",
                                ),
                                kind: None,
                            },
                        },
                        Located {
                            start: Location {
                                row: 1,
                                column: 12,
                            },
                            end: Location {
                                row: 1,
                                column: 23,
                            },
                            custom: (),
                            node: FormattedValue {
                                value: Located {
                                    start: Location {
                                        row: 1,
                                        column: 3,
                                    },
                                    end: Location {
                                        row: 1,
                                        column: 5,
                                    },
                                    custom: (),
                                    node: Constant {
                                        value: Str(
                                            "!",
                                        ),
                                        kind: None,
                                    },
                                },
                                conversion: 0,
                                format_spec: None,
                            },
                        },
                    ],
                },
            },
        },
    },
]
