---
source: compiler/parser/src/parser.rs
expression: "parse_program(source, \"<test>\").unwrap()"
---
[
    Located {
        start: Location {
            row: 1,
            column: 1,
        },
        end: Location {
            row: 1,
            column: 12,
        },
        custom: (),
        node: Assign {
            targets: [
                Located {
                    start: Location {
                        row: 1,
                        column: 1,
                    },
                    end: Location {
                        row: 1,
                        column: 5,
                    },
                    custom: (),
                    node: Tuple {
                        elts: [
                            Located {
                                start: Location {
                                    row: 1,
                                    column: 1,
                                },
                                end: Location {
                                    row: 1,
                                    column: 2,
                                },
                                custom: (),
                                node: Name {
                                    id: "a",
                                    ctx: Store,
                                },
                            },
                            Located {
                                start: Location {
                                    row: 1,
                                    column: 4,
                                },
                                end: Location {
                                    row: 1,
                                    column: 5,
                                },
                                custom: (),
                                node: Name {
                                    id: "b",
                                    ctx: Store,
                                },
                            },
                        ],
                        ctx: Store,
                    },
                },
            ],
            value: Located {
                start: Location {
                    row: 1,
                    column: 8,
                },
                end: Location {
                    row: 1,
                    column: 12,
                },
                custom: (),
                node: Tuple {
                    elts: [
                        Located {
                            start: Location {
                                row: 1,
                                column: 8,
                            },
                            end: Location {
                                row: 1,
                                column: 9,
                            },
                            custom: (),
                            node: Constant {
                                value: Int(
                                    4,
                                ),
                                kind: None,
                            },
                        },
                        Located {
                            start: Location {
                                row: 1,
                                column: 11,
                            },
                            end: Location {
                                row: 1,
                                column: 12,
                            },
                            custom: (),
                            node: Constant {
                                value: Int(
                                    5,
                                ),
                                kind: None,
                            },
                        },
                    ],
                    ctx: Load,
                },
            },
            type_comment: None,
        },
    },
]
